
SN 68k version 2.53


Assembly completed.
0 error(s) from 53519 lines in 10.16 seconds
