Operating system: Microsoft Windows NT 6.2.9200.0
Opening INI file "D:\Disassembly\BetaSonic in Sonic 1\sonicth tts demos\SonPLN.ini"...
Game type is S1.
Loading Title Screen Logo...
Loading plane mappings from file "tilemaps/Title Screen.bin", using compression Enigma...
Loading palette file "pallet/title.bin"...
Source: 0 Destination: 0 Length: 16
Loading dummy tile data.
Loading 8x8 tiles from file "artnem/Title Screen Foreground.bin", using compression Nemesis...
Mappings data size does not match given width/height. Expected: 1904 (34x28*2) Actual: 1496.
System.AggregateException: One or more errors occurred. ---> System.IO.FileNotFoundException: Palette file could not be loaded! Have you set up your disassembly properly?
   at SonicRetro.SonLVL.SonPLN.MainForm.LoadLevelPalette() in E:\Programs\SonLVL\SonPLN\MainForm.cs:line 440
   at System.Threading.Tasks.Task.InnerInvoke()
   at System.Threading.Tasks.Task.Execute()
   --- End of inner exception stack trace ---
   at System.Threading.Tasks.Task.FastWaitAll(Task[] tasks)
   at System.Threading.Tasks.Parallel.Invoke(ParallelOptions parallelOptions, Action[] actions)
   at System.Threading.Tasks.Parallel.Invoke(Action[] actions)
   at SonicRetro.SonLVL.SonPLN.MainForm.backgroundLevelLoader_DoWork(Object sender, DoWorkEventArgs e) in E:\Programs\SonLVL\SonPLN\MainForm.cs:line 321
---> (Inner Exception #0) System.IO.FileNotFoundException: Palette file could not be loaded! Have you set up your disassembly properly?
File name: 'pallet/title.bin'
   at SonicRetro.SonLVL.SonPLN.MainForm.LoadLevelPalette() in E:\Programs\SonLVL\SonPLN\MainForm.cs:line 440
   at System.Threading.Tasks.Task.InnerInvoke()
   at System.Threading.Tasks.Task.Execute()<---

Loading SEGA Logo...
Loading palette file "pallet/sega2.bin"...
Source: 16 Destination: 0 Length: 64
8x8 tile file "artnem/segalogo.bin" not found.
Plane mappings file "mapeni/segalogo.bin" not found.
System.AggregateException: One or more errors occurred. ---> System.IO.FileNotFoundException: Palette file could not be loaded! Have you set up your disassembly properly?
   at SonicRetro.SonLVL.SonPLN.MainForm.LoadLevelPalette() in E:\Programs\SonLVL\SonPLN\MainForm.cs:line 440
   at System.Threading.Tasks.Task.InnerInvoke()
   at System.Threading.Tasks.Task.Execute()
   --- End of inner exception stack trace ---
   at System.Threading.Tasks.Task.FastWaitAll(Task[] tasks)
   at System.Threading.Tasks.Parallel.Invoke(ParallelOptions parallelOptions, Action[] actions)
   at System.Threading.Tasks.Parallel.Invoke(Action[] actions)
   at SonicRetro.SonLVL.SonPLN.MainForm.backgroundLevelLoader_DoWork(Object sender, DoWorkEventArgs e) in E:\Programs\SonLVL\SonPLN\MainForm.cs:line 321
---> (Inner Exception #0) System.IO.FileNotFoundException: Palette file could not be loaded! Have you set up your disassembly properly?
File name: 'pallet/sega2.bin'
   at SonicRetro.SonLVL.SonPLN.MainForm.LoadLevelPalette() in E:\Programs\SonLVL\SonPLN\MainForm.cs:line 440
   at System.Threading.Tasks.Task.InnerInvoke()
   at System.Threading.Tasks.Task.Execute()<---

Loading Japanese Credits...
Loading palette file "pallet/sonic.bin"...
Source: 1 Destination: 0 Length: 16
8x8 tile file "artnem/japcreds.bin" not found.
Plane mappings file "mapeni/japcreds.bin" not found.
System.AggregateException: One or more errors occurred. ---> System.IO.FileNotFoundException: Palette file could not be loaded! Have you set up your disassembly properly?
   at SonicRetro.SonLVL.SonPLN.MainForm.LoadLevelPalette() in E:\Programs\SonLVL\SonPLN\MainForm.cs:line 440
   at System.Threading.Tasks.Task.InnerInvoke()
   at System.Threading.Tasks.Task.Execute()
   --- End of inner exception stack trace ---
   at System.Threading.Tasks.Task.FastWaitAll(Task[] tasks)
   at System.Threading.Tasks.Parallel.Invoke(ParallelOptions parallelOptions, Action[] actions)
   at System.Threading.Tasks.Parallel.Invoke(Action[] actions)
   at SonicRetro.SonLVL.SonPLN.MainForm.backgroundLevelLoader_DoWork(Object sender, DoWorkEventArgs e) in E:\Programs\SonLVL\SonPLN\MainForm.cs:line 321
---> (Inner Exception #0) System.IO.FileNotFoundException: Palette file could not be loaded! Have you set up your disassembly properly?
File name: 'pallet/sonic.bin'
   at SonicRetro.SonLVL.SonPLN.MainForm.LoadLevelPalette() in E:\Programs\SonLVL\SonPLN\MainForm.cs:line 440
   at System.Threading.Tasks.Task.InnerInvoke()
   at System.Threading.Tasks.Task.Execute()<---

